
> teacher-tools@1003 build
> vite build

[36mvite v8.0.8 [32mbuilding client environment for production...[36m[39m
[2K
transforming...Ô£ô 2211 modules transformed.
rendering chunks...
node.exe : [31mÔ£ù[39m Build failed in 1.04s
At line:1 char:1
+ & "C:\Program Files\nodejs/node.exe" "C:\Program Files\nodejs/node_mo ...
+ ~~~~~~~~~~~~~~~~~~~~~~~~~~~~~~~~~~~~~~~~~~~~~~~~~~~~~~~~~~~~~~~~~~~~~
    + CategoryInfo          : NotSpecified: ([31mÔ£ù[39m Build failed in 1.04s:String) [], RemoteException
    + FullyQualifiedErrorId : NativeCommandError
 
[31merror during build:
[31mBuild failed with 2 errors:

[31m[MISSING_EXPORT] Error:[0m "Tournaments" is not exported by "src/components/tools/Tournaments.jsx".
    [38;5;246mÔò¡[0m[38;5;246mÔöÇ[0m[38;5;246m[[0m src/App.jsx:63:10 [38;5;246m][0m
    [38;5;246mÔöé[0m
 [38;5;246m63 Ôöé[0m 
[38;5;249mi[0m[38;5;249mm[0m[38;5;249mp[0m[38;5;249mo[0m[38;5;249mr[0m[38;5;249mt[0m[38;5;249m 
[0m[38;5;249m{[0m[38;5;249m [0mTournaments[38;5;249m [0m[38;5;249m}[0m[38;5;249m 
[0m[38;5;249mf[0m[38;5;249mr[0m[38;5;249mo[0m[38;5;249mm[0m[38;5;249m [0m[38;5;249m"[0m[38;5;249m.[0m[3
8;5;249m/[0m[38;5;249mc[0m[38;5;249mo[0m[38;5;249mm[0m[38;5;249mp[0m[38;5;249mo[0m[38;5;249mn[0m[38;5;249
me[0m[38;5;249mn[0m[38;5;249mt[0m[38;5;249ms[0m[38;5;249m/[0m[38;5;249mt[0m[38;5;249mo[0m[38;5;249mo[0m
[38;5;249ml[0m[38;5;249ms[0m[38;5;249m/[0m[38;5;249mT[0m[38;5;249mo[0m[38;5;249mu[0m[38;5;249mr[0m[38;5;2
49mn[0m[38;5;249ma[0m[38;5;249mm[0m[38;5;249me[0m[38;5;249mn[0m[38;5;249mt[0m[38;5;249ms[0m[38;5;249m"[0
m[38;5;249m;[0m
 [38;5;240m   Ôöé[0m          ÔöÇÔöÇÔöÇÔöÇÔöÇÔö¼ÔöÇÔöÇÔöÇÔöÇÔöÇ  
 [38;5;240m   Ôöé[0m               Ôò░ÔöÇÔöÇÔöÇÔöÇÔöÇÔöÇÔöÇ Missing export
[38;5;246mÔöÇÔöÇÔöÇÔöÇÔò»[0m

[31m[MISSING_EXPORT] Error:[0m "default" is not exported by "src/components/ToolHeader.jsx".
   [38;5;246mÔò¡[0m[38;5;246mÔöÇ[0m[38;5;246m[[0m src/components/tools/Tournaments.jsx:7:8 [38;5;246m][0m
   [38;5;246mÔöé[0m
 [38;5;246m7 Ôöé[0m 
[38;5;249mi[0m[38;5;249mm[0m[38;5;249mp[0m[38;5;249mo[0m[38;5;249mr[0m[38;5;249mt[0m[38;5;249m 
[0mToolHeader[38;5;249m [0m[38;5;249mf[0m[38;5;249mr[0m[38;5;249mo[0m[38;5;249mm[0m[38;5;249m [0m[38;5;24
9m"[0m[38;5;249m.[0m[38;5;249m.[0m[38;5;249m/[0m[38;5;249mT[0m[38;5;249mo[0m[38;5;249mo[0m[38;5;249ml[0m
[38;5;249mH[0m[38;5;249me[0m[38;5;249ma[0m[38;5;249md[0m[38;5;249me[0m[38;5;249mr[0m[38;5;249m"[0m[38;5;
249m;[0m
 [38;5;240m  Ôöé[0m        ÔöÇÔöÇÔöÇÔöÇÔöÇÔö¼ÔöÇÔöÇÔöÇÔöÇ  
 [38;5;240m  Ôöé[0m             Ôò░ÔöÇÔöÇÔöÇÔöÇÔöÇÔöÇ Missing export
[38;5;246mÔöÇÔöÇÔöÇÔò»[0m
[31m
    at aggregateBindingErrorsIntoJsError 
(file:///C:/Users/natis/Documents/GitHub/teacher_tools/node_modules/rolldown/dist/shared/error-w0u7biK-.mjs:48:18)
    at unwrapBindingResult 
(file:///C:/Users/natis/Documents/GitHub/teacher_tools/node_modules/rolldown/dist/shared/error-w0u7biK-.mjs:18:128)
    at #build (file:///C:/Users/natis/Documents/GitHub/teacher_tools/node_modules/rolldown/dist/shared/rolldown-build-D
tGk-m96.mjs:3313:34)
    at async buildEnvironment 
(file:///C:/Users/natis/Documents/GitHub/teacher_tools/node_modules/vite/dist/node/chunks/node.js:32954:64)
    at async Object.build 
(file:///C:/Users/natis/Documents/GitHub/teacher_tools/node_modules/vite/dist/node/chunks/node.js:33376:19)
    at async Object.buildApp 
(file:///C:/Users/natis/Documents/GitHub/teacher_tools/node_modules/vite/dist/node/chunks/node.js:33373:153)
    at async CAC.<anonymous> 
(file:///C:/Users/natis/Documents/GitHub/teacher_tools/node_modules/vite/dist/node/cli.js:778:3) {
  errors: [Getter/Setter]
}[39m
