
[1m[30m[46m RUN [49m[39m[22m [36mv4.1.5 [39m[90mC:/Users/natis/Documents/GitHub/teacher_tools[39m

 [32mÔ£ô[39m src/tests/Storage.test.ts [2m([22m[2m7 tests[22m[2m)[22m[32m 6[2mms[22m[39m
 [32mÔ£ô[39m src/tests/useLocalStorage.test.tsx [2m([22m[2m5 tests[22m[2m)[22m[32m 17[2mms[22m[39m
[90mstdout[2m | src/tests/TranslationProgress.test.ts[2m > [22m[2mTranslation Status[2m > [22m[2mreports translation progress and potential orphans
[22m[39m
Translation Progress (Reference: English - 745 keys)
--------------------------------------------------
­ƒƒí FR   :  96.8% (721/745) 
­ƒƒí JA   :  96.8% (721/745) 
­ƒƒí TH   :  96.8% (721/745) 
­ƒƒí VI   :  96.8% (721/745) 
­ƒƒí ZH   :  96.8% (721/745) 
--------------------------------------------------
­ƒº╣ Potential Orphans (Not found in source code)
   Count: 53 keys
   Note: Ignored 139 dynamic patterns
   Samples:
    - countdown.visual_mode.circle
    - countdown.visual_mode.grid
    - countdown.visual_mode.sand
    - countdown.visual_mode.rainbow
    - countdown.sound.default
    ... and 48 more.
--------------------------------------------------


 [32mÔ£ô[39m src/tests/TranslationProgress.test.ts [2m([22m[2m1 test[22m[2m)[22m[33m 528[2mms[22m[39m
     [33m[2mÔ£ô[22m[39m reports translation progress and potential orphans [33m 527[2mms[22m[39m
 [31mÔØ»[39m src/tests/ToolsSmokeTest.test.tsx [2m([22m[2m54 tests[22m[2m | [22m[31m2 failed[39m[2m)[22m[33m 988[2mms[22m[39m
     [32mÔ£ô[39m renders Analogue Digital Clock and passes interaction smoke test[32m 53[2mms[22m[39m
     [32mÔ£ô[39m renders Stopwatch and passes interaction smoke test[32m 17[2mms[22m[39m
     [32mÔ£ô[39m renders Countdown and passes interaction smoke test[32m 11[2mms[22m[39m
     [32mÔ£ô[39m renders Exam Clock and passes interaction smoke test[32m 10[2mms[22m[39m
     [32mÔ£ô[39m renders Daily Schedule and passes interaction smoke test[32m 54[2mms[22m[39m
     [32mÔ£ô[39m renders Event Calendar and passes interaction smoke test[32m 10[2mms[22m[39m
[31m     [31m├ù[31m renders Random Group Maker and passes interaction smoke test[39m[32m 5[2mms[22m[39m
     [32mÔ£ô[39m renders Group Score Board and passes interaction smoke test[32m 17[2mms[22m[39m
     [32mÔ£ô[39m renders Marble Jar Reward and passes interaction smoke test[32m 8[2mms[22m[39m
     [32mÔ£ô[39m renders Emotion Picker and passes interaction smoke test[32m 14[2mms[22m[39m
     [32mÔ£ô[39m renders Sound Level and passes interaction smoke test[32m 10[2mms[22m[39m
     [32mÔ£ô[39m renders Tournaments and passes interaction smoke test[32m 10[2mms[22m[39m
     [32mÔ£ô[39m renders Fraction Tool and passes interaction smoke test[32m 13[2mms[22m[39m
     [32mÔ£ô[39m renders Hundreds Chart and passes interaction smoke test[32m 290[2mms[22m[39m
     [32mÔ£ô[39m renders MAB Blocks and passes interaction smoke test[32m 45[2mms[22m[39m
     [32mÔ£ô[39m renders Story Starters and passes interaction smoke test[32m 9[2mms[22m[39m
     [32mÔ£ô[39m renders Number Line and passes interaction smoke test[32m 13[2mms[22m[39m
     [32mÔ£ô[39m renders Abacus and passes interaction smoke test[32m 40[2mms[22m[39m
     [32mÔ£ô[39m renders Fraction Wall and passes interaction smoke test[32m 11[2mms[22m[39m
     [32mÔ£ô[39m renders Dice Roller and passes interaction smoke test[32m 47[2mms[22m[39m
     [32mÔ£ô[39m renders Flip Coin and passes interaction smoke test[32m 10[2mms[22m[39m
     [32mÔ£ô[39m renders Number Spinner and passes interaction smoke test[32m 26[2mms[22m[39m
     [32mÔ£ô[39m renders Group Name Generator and passes interaction smoke test[32m 4[2mms[22m[39m
[31m     [31m├ù[31m renders Name Picker and passes interaction smoke test[39m[32m 8[2mms[22m[39m
     [32mÔ£ô[39m renders Colour Picker and passes interaction smoke test[32m 26[2mms[22m[39m
     [32mÔ£ô[39m renders Metronome and passes interaction smoke test[32m 17[2mms[22m[39m
     [32mÔ£ô[39m renders Higher Or Lower and passes interaction smoke test[32m 7[2mms[22m[39m
     [32mÔ£ô[39m renders Reveal Word and passes interaction smoke test[32m 25[2mms[22m[39m
     [32mÔ£ô[39m renders Image Reveal and passes interaction smoke test[32m 7[2mms[22m[39m
     [32mÔ£ô[39m renders Colour Hunt and passes interaction smoke test[32m 3[2mms[22m[39m
     [32mÔ£ô[39m renders Would You Rather and passes interaction smoke test[32m 4[2mms[22m[39m
     [32mÔ£ô[39m renders Simon Says (Classroom) and passes interaction smoke test[32m 4[2mms[22m[39m
     [32mÔ£ô[39m renders Guessing Game and passes interaction smoke test[32m 4[2mms[22m[39m
     [32mÔ£ô[39m renders Spelling and passes interaction smoke test[32m 5[2mms[22m[39m
     [32mÔ£ô[39m renders Letter Tracing and passes interaction smoke test[32m 11[2mms[22m[39m
     [32mÔ£ô[39m renders Find The Word and passes interaction smoke test[32m 7[2mms[22m[39m
     [32mÔ£ô[39m renders Word Builder and passes interaction smoke test[32m 6[2mms[22m[39m
     [32mÔ£ô[39m renders Crossword and passes interaction smoke test[32m 6[2mms[22m[39m
     [32mÔ£ô[39m renders Reaction Time and passes interaction smoke test[32m 5[2mms[22m[39m
     [32mÔ£ô[39m renders Ink Diffusion and passes interaction smoke test[32m 5[2mms[22m[39m
     [32mÔ£ô[39m renders Pool Game and passes interaction smoke test[32m 14[2mms[22m[39m
     [32mÔ£ô[39m renders Times Table and passes interaction smoke test[32m 12[2mms[22m[39m
     [32mÔ£ô[39m renders Money Tool and passes interaction smoke test[32m 11[2mms[22m[39m
     [32mÔ£ô[39m renders Missing Addition and passes interaction smoke test[32m 10[2mms[22m[39m
     [32mÔ£ô[39m renders Missing Subtraction and passes interaction smoke test[32m 4[2mms[22m[39m
     [32mÔ£ô[39m renders Missing Multiplication and passes interaction smoke test[32m 4[2mms[22m[39m
     [32mÔ£ô[39m renders Missing Division and passes interaction smoke test[32m 4[2mms[22m[39m
     [32mÔ£ô[39m renders Marble Counting and passes interaction smoke test[32m 3[2mms[22m[39m
     [32mÔ£ô[39m renders Binary Numbers and passes interaction smoke test[32m 7[2mms[22m[39m
     [32mÔ£ô[39m renders Balance Equations and passes interaction smoke test[32m 4[2mms[22m[39m
     [32mÔ£ô[39m renders Cartesian Plane and passes interaction smoke test[32m 16[2mms[22m[39m
     [32mÔ£ô[39m renders Simon Game and passes interaction smoke test[32m 3[2mms[22m[39m
     [32mÔ£ô[39m renders Emoji Match and passes interaction smoke test[32m 3[2mms[22m[39m
     [32mÔ£ô[39m renders Song Maker and passes interaction smoke test[32m 12[2mms[22m[39m
node.exe : 
At line:1 char:1
+ & "C:\Program Files\nodejs/node.exe" "C:\Program Files\nodejs/node_mo ...
+ ~~~~~~~~~~~~~~~~~~~~~~~~~~~~~~~~~~~~~~~~~~~~~~~~~~~~~~~~~~~~~~~~~~~~~
    + CategoryInfo          : NotSpecified: (:String) [], RemoteException
    + FullyQualifiedErrorId : NativeCommandError
 
[31mÔÄ»ÔÄ»ÔÄ»ÔÄ»ÔÄ»ÔÄ»ÔÄ»[39m[1m[41m Failed Tests 2 [49m[22m[31mÔÄ»ÔÄ»ÔÄ»ÔÄ»ÔÄ»ÔÄ»ÔÄ»[39m

[41m[1m FAIL [22m[49m src/tests/ToolsSmokeTest.test.tsx[2m > [22mTools Smoke Test[2m > [22mrenders Random 
Group Maker and passes interaction smoke test
[31m[1mReferenceError[22m: setOnConfig is not defined[39m
[36m [2mÔØ»[22m GroupMaker src/components/tools/GroupMaker.tsx:[2m148:32[22m[39m
    [90m146|[39m     [34msetHelpContent[39m([34mgetHelpInfo[39m())[33m;[39m
    [90m147|[39m     [35mreturn[39m () [33m=>[39m [34mclearHeader[39m()[33m;[39m
    [90m148|[39m   }, [clearHeader, setOnReset, setOnConfig, resetGroups, setHelpContenÔÇª
    [90m   |[39m                                [31m^[39m
    [90m149|[39m
    [90m150|[39m
[90m [2mÔØ»[22m Object.react_stack_bottom_frame 
node_modules/react-dom/cjs/react-dom-client.development.js:[2m25904:20[22m[39m
[90m [2mÔØ»[22m renderWithHooks node_modules/react-dom/cjs/react-dom-client.development.js:[2m7662:22[22m[39m
[90m [2mÔØ»[22m updateFunctionComponent 
node_modules/react-dom/cjs/react-dom-client.development.js:[2m10166:19[22m[39m
[90m [2mÔØ»[22m beginWork node_modules/react-dom/cjs/react-dom-client.development.js:[2m11778:18[22m[39m
[90m [2mÔØ»[22m runWithFiberInDEV node_modules/react-dom/cjs/react-dom-client.development.js:[2m874:13[22m[39m
[90m [2mÔØ»[22m performUnitOfWork node_modules/react-dom/cjs/react-dom-client.development.js:[2m17641:22[22m[39m
[90m [2mÔØ»[22m workLoopSync node_modules/react-dom/cjs/react-dom-client.development.js:[2m17469:41[22m[39m
[90m [2mÔØ»[22m renderRootSync node_modules/react-dom/cjs/react-dom-client.development.js:[2m17450:11[22m[39m
[90m [2mÔØ»[22m performWorkOnRoot node_modules/react-dom/cjs/react-dom-client.development.js:[2m16583:35[22m[39m

[31m[2mÔÄ»ÔÄ»ÔÄ»ÔÄ»ÔÄ»ÔÄ»ÔÄ»ÔÄ»ÔÄ»ÔÄ»ÔÄ»ÔÄ»ÔÄ»ÔÄ»ÔÄ»ÔÄ»ÔÄ»ÔÄ»ÔÄ»ÔÄ»ÔÄ»ÔÄ»ÔÄ»ÔÄ»[1/2]ÔÄ»[22m[39m

[41m[1m FAIL [22m[49m src/tests/ToolsSmokeTest.test.tsx[2m > [22mTools Smoke Test[2m > [22mrenders Name Picker 
and passes interaction smoke test
[31m[1mTypeError[22m: setOnConfig is not a function[39m
[36m [2mÔØ»[22m src/components/tools/NamePicker.tsx:[2m316:5[22m[39m
    [90m314|[39m   [34museEffect[39m(() [33m=>[39m {
    [90m315|[39m     [34msetOnReset[39m(() [33m=>[39m reset)[33m;[39m
    [90m316|[39m     [34msetOnConfig[39m(() [33m=>[39m () [33m=>[39m [34msetIsClassPanelOpen[39m(prev 
[33m=>[39m [33m![39mprev))[33m;[39m
    [90m   |[39m     [31m^[39m
    [90m317|[39m     [35mreturn[39m () [33m=>[39m [34mclearHeader[39m()[33m;[39m
    [90m318|[39m   }, [clearHeader, setOnReset, setOnConfig, reset, setIsClassPanelOpenÔÇª
[90m [2mÔØ»[22m Object.react_stack_bottom_frame 
node_modules/react-dom/cjs/react-dom-client.development.js:[2m25989:20[22m[39m
[90m [2mÔØ»[22m runWithFiberInDEV node_modules/react-dom/cjs/react-dom-client.development.js:[2m874:13[22m[39m
[90m [2mÔØ»[22m commitHookEffectListMount 
node_modules/react-dom/cjs/react-dom-client.development.js:[2m13249:29[22m[39m
[90m [2mÔØ»[22m commitHookPassiveMountEffects 
node_modules/react-dom/cjs/react-dom-client.development.js:[2m13336:11[22m[39m
[90m [2mÔØ»[22m reconnectPassiveEffects 
node_modules/react-dom/cjs/react-dom-client.development.js:[2m15832:11[22m[39m
[90m [2mÔØ»[22m recursivelyTraverseReconnectPassiveEffects 
node_modules/react-dom/cjs/react-dom-client.development.js:[2m15784:9[22m[39m
[90m [2mÔØ»[22m reconnectPassiveEffects 
node_modules/react-dom/cjs/react-dom-client.development.js:[2m15885:11[22m[39m
[90m [2mÔØ»[22m recursivelyTraverseReconnectPassiveEffects 
node_modules/react-dom/cjs/react-dom-client.development.js:[2m15784:9[22m[39m
[90m [2mÔØ»[22m reconnectPassiveEffects 
node_modules/react-dom/cjs/react-dom-client.development.js:[2m15824:11[22m[39m

[31m[2mÔÄ»ÔÄ»ÔÄ»ÔÄ»ÔÄ»ÔÄ»ÔÄ»ÔÄ»ÔÄ»ÔÄ»ÔÄ»ÔÄ»ÔÄ»ÔÄ»ÔÄ»ÔÄ»ÔÄ»ÔÄ»ÔÄ»ÔÄ»ÔÄ»ÔÄ»ÔÄ»ÔÄ»[2/2]ÔÄ»[22m[39m


[2m Test Files [22m [1m[31m1 failed[39m[22m[2m | [22m[1m[32m3 passed[39m[22m[90m (4)[39m
[2m      Tests [22m [1m[31m2 failed[39m[22m[2m | [22m[1m[32m65 passed[39m[22m[90m (67)[39m
[2m   Start at [22m 14:33:21
[2m   Duration [22m 3.25s[2m (transform 1.11s, setup 310ms, import 1.58s, tests 1.54s, environment 2.40s)[22m

